
## benchmark:


Info: Benchmark time: 1 CPUs 1.13195 s/step 13.1013 days/ns 2727.91 MB memory
TIMING: 500  CPU: 569.593, 1.1557/step  Wall: 569.593, 1.1557/step, 0 hours remaining, 2727.914062 MB of memory in use.


